// Jest Snapshot v1, https://goo.gl/fbAQLP

exports[`NavButton has a matching snapshot 1`] = `undefined`;
